{
  "aggregate": [
    {
      "review_threshold": 0.5,
      "review_rate": {
        "mean": 0.015314285714285714,
        "sd": 0.006741888550286915,
        "min": 0.006857142857142857,
        "max": 0.022857142857142857,
        "values": [
          0.02057142857142857,
          0.016,
          0.010285714285714285,
          0.022857142857142857,
          0.006857142857142857
        ]
      },
      "accuracy": {
        "mean": 0.9177142857142858,
        "sd": 0.005656854249492363,
        "min": 0.9085714285714286,
        "max": 0.9222857142857143,
        "values": [
          0.9222857142857143,
          0.9085714285714286,
          0.9165714285714286,
          0.9188571428571428,
          0.9222857142857143
        ]
      },
      "macro_f1": {
        "mean": 0.9024850060373237,
        "sd": 0.006620706680274574,
        "min": 0.891705050206491,
        "max": 0.908231448035404,
        "values": [
          0.908231448035404,
          0.891705050206491,
          0.9019353926362196,
          0.9030162317715965,
          0.9075369075369076
        ]
      },
      "balanced_accuracy": {
        "mean": 0.9167619047619049,
        "sd": 0.007486950097917549,
        "min": 0.9047619047619048,
        "max": 0.9238095238095237,
        "values": [
          0.9238095238095237,
          0.9047619047619048,
          0.9180952380952382,
          0.9152380952380952,
          0.921904761904762
        ]
      },
      "c_recall": {
        "mean": 0.9902857142857144,
        "sd": 0.007979565739296524,
        "min": 0.9828571428571429,
        "max": 1.0,
        "values": [
          0.9885714285714285,
          0.9828571428571429,
          0.9828571428571429,
          0.9971428571428571,
          1.0
        ]
      },
      "c_underestimate": {
        "mean": 3.4,
        "sd": 2.792848008753788,
        "min": 0.0,
        "max": 6.0,
        "values": [
          4.0,
          6.0,
          6.0,
          1.0,
          0.0
        ]
      },
      "safe_loss": {
        "mean": 3.4,
        "sd": 2.792848008753788,
        "min": 0.0,
        "max": 6.0,
        "values": [
          4.0,
          6.0,
          6.0,
          1.0,
          0.0
        ]
      },
      "a_overestimate": {
        "mean": 53.2,
        "sd": 1.0954451150103321,
        "min": 52.0,
        "max": 54.0,
        "values": [
          52.0,
          54.0,
          54.0,
          52.0,
          54.0
        ]
      }
    },
    {
      "review_threshold": 0.55,
      "review_rate": {
        "mean": 0.04045714285714286,
        "sd": 0.013799733803998702,
        "min": 0.029714285714285714,
        "max": 0.064,
        "values": [
          0.04114285714285714,
          0.03428571428571429,
          0.029714285714285714,
          0.064,
          0.03314285714285714
        ]
      },
      "accuracy": {
        "mean": 0.9119999999999999,
        "sd": 0.004276179870598816,
        "min": 0.9051428571428571,
        "max": 0.9154285714285715,
        "values": [
          0.9154285714285715,
          0.9051428571428571,
          0.9154285714285715,
          0.9108571428571428,
          0.9131428571428571
        ]
      },
      "macro_f1": {
        "mean": 0.8965054364943092,
        "sd": 0.005308156143725935,
        "min": 0.888222786036553,
        "max": 0.9011791831357048,
        "values": [
          0.9011791831357048,
          0.888222786036553,
          0.9007667153022153,
          0.8947848698055139,
          0.8975736281915596
        ]
      },
      "balanced_accuracy": {
        "mean": 0.9116190476190477,
        "sd": 0.006646227170425891,
        "min": 0.9019047619047619,
        "max": 0.9180952380952382,
        "values": [
          0.9180952380952382,
          0.9019047619047619,
          0.9171428571428571,
          0.9085714285714287,
          0.9123809523809525
        ]
      },
      "c_recall": {
        "mean": 0.9771428571428572,
        "sd": 0.004517539514526258,
        "min": 0.9714285714285714,
        "max": 0.9828571428571429,
        "values": [
          0.9714285714285714,
          0.9742857142857143,
          0.98,
          0.9771428571428571,
          0.9828571428571429
        ]
      },
      "c_underestimate": {
        "mean": 8.0,
        "sd": 1.5811388300841898,
        "min": 6.0,
        "max": 10.0,
        "values": [
          10.0,
          9.0,
          7.0,
          8.0,
          6.0
        ]
      },
      "safe_loss": {
        "mean": 8.0,
        "sd": 1.5811388300841898,
        "min": 6.0,
        "max": 10.0,
        "values": [
          10.0,
          9.0,
          7.0,
          8.0,
          6.0
        ]
      },
      "a_overestimate": {
        "mean": 53.2,
        "sd": 1.0954451150103321,
        "min": 52.0,
        "max": 54.0,
        "values": [
          52.0,
          54.0,
          54.0,
          52.0,
          54.0
        ]
      }
    },
    {
      "review_threshold": 0.6,
      "review_rate": {
        "mean": 0.06582857142857143,
        "sd": 0.00849873940232147,
        "min": 0.05714285714285714,
        "max": 0.07885714285714286,
        "values": [
          0.06628571428571428,
          0.05942857142857143,
          0.05714285714285714,
          0.06742857142857143,
          0.07885714285714286
        ]
      },
      "accuracy": {
        "mean": 0.9081142857142857,
        "sd": 0.006025794892097862,
        "min": 0.9005714285714286,
        "max": 0.9142857142857143,
        "values": [
          0.912,
          0.9028571428571428,
          0.9142857142857143,
          0.9108571428571428,
          0.9005714285714286
        ]
      },
      "macro_f1": {
        "mean": 0.8923800922776385,
        "sd": 0.007059584030515059,
        "min": 0.8839240959541712,
        "max": 0.8996000619317378,
        "values": [
          0.897680150842568,
          0.8859112828542014,
          0.8996000619317378,
          0.8947848698055139,
          0.8839240959541712
        ]
      },
      "balanced_accuracy": {
        "mean": 0.9078095238095238,
        "sd": 0.008120409046587515,
        "min": 0.899047619047619,
        "max": 0.9161904761904761,
        "values": [
          0.9152380952380952,
          0.8999999999999999,
          0.9161904761904761,
          0.9085714285714287,
          0.899047619047619
        ]
      },
      "c_recall": {
        "mean": 0.9691428571428571,
        "sd": 0.007928249671720903,
        "min": 0.96,
        "max": 0.9771428571428571,
        "values": [
          0.9628571428571429,
          0.9685714285714285,
          0.9771428571428571,
          0.9771428571428571,
          0.96
        ]
      },
      "c_underestimate": {
        "mean": 10.8,
        "sd": 2.7748873851023217,
        "min": 8.0,
        "max": 14.0,
        "values": [
          13.0,
          11.0,
          8.0,
          8.0,
          14.0
        ]
      },
      "safe_loss": {
        "mean": 10.8,
        "sd": 2.7748873851023217,
        "min": 8.0,
        "max": 14.0,
        "values": [
          13.0,
          11.0,
          8.0,
          8.0,
          14.0
        ]
      },
      "a_overestimate": {
        "mean": 53.2,
        "sd": 1.0954451150103321,
        "min": 52.0,
        "max": 54.0,
        "values": [
          52.0,
          54.0,
          54.0,
          52.0,
          54.0
        ]
      }
    },
    {
      "review_threshold": 0.65,
      "review_rate": {
        "mean": 0.10331428571428572,
        "sd": 0.007255117827704632,
        "min": 0.09142857142857143,
        "max": 0.11085714285714286,
        "values": [
          0.10628571428571429,
          0.10285714285714286,
          0.10514285714285715,
          0.09142857142857143,
          0.11085714285714286
        ]
      },
      "accuracy": {
        "mean": 0.8973714285714285,
        "sd": 0.005262109455186889,
        "min": 0.8891428571428571,
        "max": 0.9028571428571428,
        "values": [
          0.9005714285714286,
          0.8891428571428571,
          0.8982857142857142,
          0.9028571428571428,
          0.896
        ]
      },
      "macro_f1": {
        "mean": 0.8809974539856954,
        "sd": 0.006111267499204626,
        "min": 0.8715349735922491,
        "max": 0.8863464222240394,
        "values": [
          0.8858456451788612,
          0.8715349735922491,
          0.8825621510716736,
          0.8863464222240394,
          0.8786980778616541
        ]
      },
      "balanced_accuracy": {
        "mean": 0.8971428571428571,
        "sd": 0.00715871256112993,
        "min": 0.8866666666666667,
        "max": 0.9047619047619048,
        "values": [
          0.9047619047619048,
          0.8866666666666667,
          0.9,
          0.900952380952381,
          0.8933333333333334
        ]
      },
      "c_recall": {
        "mean": 0.9474285714285715,
        "sd": 0.009604420750840914,
        "min": 0.9371428571428572,
        "max": 0.96,
        "values": [
          0.9371428571428572,
          0.94,
          0.9457142857142857,
          0.96,
          0.9542857142857143
        ]
      },
      "c_underestimate": {
        "mean": 18.4,
        "sd": 3.361547262794322,
        "min": 14.0,
        "max": 22.0,
        "values": [
          22.0,
          21.0,
          19.0,
          14.0,
          16.0
        ]
      },
      "safe_loss": {
        "mean": 18.4,
        "sd": 3.361547262794322,
        "min": 14.0,
        "max": 22.0,
        "values": [
          22.0,
          21.0,
          19.0,
          14.0,
          16.0
        ]
      },
      "a_overestimate": {
        "mean": 53.2,
        "sd": 1.0954451150103321,
        "min": 52.0,
        "max": 54.0,
        "values": [
          52.0,
          54.0,
          54.0,
          52.0,
          54.0
        ]
      }
    },
    {
      "review_threshold": 0.7,
      "review_rate": {
        "mean": 0.15954285714285715,
        "sd": 0.014242219501416575,
        "min": 0.1382857142857143,
        "max": 0.17257142857142857,
        "values": [
          0.16228571428571428,
          0.17257142857142857,
          0.15314285714285714,
          0.17142857142857143,
          0.1382857142857143
        ]
      },
      "accuracy": {
        "mean": 0.8733714285714285,
        "sd": 0.009228173366028061,
        "min": 0.8605714285714285,
        "max": 0.8834285714285715,
        "values": [
          0.872,
          0.8605714285714285,
          0.8811428571428571,
          0.8697142857142857,
          0.8834285714285715
        ]
      },
      "macro_f1": {
        "mean": 0.8566593428499146,
        "sd": 0.009189497994420663,
        "min": 0.8436148081669694,
        "max": 0.865587756683245,
        "values": [
          0.8560514365129288,
          0.8436148081669694,
          0.865587756683245,
          0.8528414184038954,
          0.8652012944825348
        ]
      },
      "balanced_accuracy": {
        "mean": 0.8752380952380954,
        "sd": 0.00867660340870883,
        "min": 0.862857142857143,
        "max": 0.8857142857142858,
        "values": [
          0.8761904761904762,
          0.862857142857143,
          0.8857142857142858,
          0.8714285714285714,
          0.88
        ]
      },
      "c_recall": {
        "mean": 0.893142857142857,
        "sd": 0.024710569497645295,
        "min": 0.8685714285714285,
        "max": 0.9314285714285714,
        "values": [
          0.88,
          0.8685714285714285,
          0.9028571428571428,
          0.8828571428571429,
          0.9314285714285714
        ]
      },
      "c_underestimate": {
        "mean": 37.4,
        "sd": 8.648699324175862,
        "min": 24.0,
        "max": 46.0,
        "values": [
          42.0,
          46.0,
          34.0,
          41.0,
          24.0
        ]
      },
      "safe_loss": {
        "mean": 37.4,
        "sd": 8.648699324175862,
        "min": 24.0,
        "max": 46.0,
        "values": [
          42.0,
          46.0,
          34.0,
          41.0,
          24.0
        ]
      },
      "a_overestimate": {
        "mean": 53.2,
        "sd": 1.0954451150103321,
        "min": 52.0,
        "max": 54.0,
        "values": [
          52.0,
          54.0,
          54.0,
          52.0,
          54.0
        ]
      }
    },
    {
      "review_threshold": 0.75,
      "review_rate": {
        "mean": 0.19725714285714285,
        "sd": 0.007299986021792594,
        "min": 0.18971428571428572,
        "max": 0.2057142857142857,
        "values": [
          0.2022857142857143,
          0.18971428571428572,
          0.19885714285714284,
          0.2057142857142857,
          0.18971428571428572
        ]
      },
      "accuracy": {
        "mean": 0.8573714285714287,
        "sd": 0.002342160175076476,
        "min": 0.8548571428571429,
        "max": 0.8594285714285714,
        "values": [
          0.8594285714285714,
          0.8548571428571429,
          0.8582857142857143,
          0.8548571428571429,
          0.8594285714285714
        ]
      },
      "macro_f1": {
        "mean": 0.8399819304253032,
        "sd": 0.0025073639766688806,
        "min": 0.8370799865696705,
        "max": 0.8421835631933189,
        "values": [
          0.8421835631933189,
          0.8374253254368806,
          0.8417501225492391,
          0.8370799865696705,
          0.8414706543774066
        ]
      },
      "balanced_accuracy": {
        "mean": 0.8586666666666666,
        "sd": 0.0029043715584718046,
        "min": 0.8552380952380952,
        "max": 0.861904761904762,
        "values": [
          0.8609523809523809,
          0.8561904761904762,
          0.861904761904762,
          0.8552380952380952,
          0.8590476190476192
        ]
      },
      "c_recall": {
        "mean": 0.8628571428571428,
        "sd": 0.006700593942604932,
        "min": 0.8571428571428571,
        "max": 0.8742857142857143,
        "values": [
          0.8628571428571429,
          0.86,
          0.86,
          0.8571428571428571,
          0.8742857142857143
        ]
      },
      "c_underestimate": {
        "mean": 48.0,
        "sd": 2.345207879911715,
        "min": 44.0,
        "max": 50.0,
        "values": [
          48.0,
          49.0,
          49.0,
          50.0,
          44.0
        ]
      },
      "safe_loss": {
        "mean": 48.0,
        "sd": 2.345207879911715,
        "min": 44.0,
        "max": 50.0,
        "values": [
          48.0,
          49.0,
          49.0,
          50.0,
          44.0
        ]
      },
      "a_overestimate": {
        "mean": 53.2,
        "sd": 1.0954451150103321,
        "min": 52.0,
        "max": 54.0,
        "values": [
          52.0,
          54.0,
          54.0,
          52.0,
          54.0
        ]
      }
    },
    {
      "review_threshold": 0.8,
      "review_rate": {
        "mean": 0.22217142857142855,
        "sd": 0.008304412399810264,
        "min": 0.21371428571428572,
        "max": 0.2342857142857143,
        "values": [
          0.2342857142857143,
          0.21371428571428572,
          0.22628571428571428,
          0.22057142857142858,
          0.216
        ]
      },
      "accuracy": {
        "mean": 0.8539428571428571,
        "sd": 0.0020444050079998087,
        "min": 0.8525714285714285,
        "max": 0.8571428571428571,
        "values": [
          0.8571428571428571,
          0.8525714285714285,
          0.8525714285714285,
          0.8548571428571429,
          0.8525714285714285
        ]
      },
      "macro_f1": {
        "mean": 0.8362012199483214,
        "sd": 0.001968510607311385,
        "min": 0.834880966028507,
        "max": 0.8392832150864157,
        "values": [
          0.8392832150864157,
          0.834880966028507,
          0.834880966028507,
          0.8370799865696705,
          0.834880966028507
        ]
      },
      "balanced_accuracy": {
        "mean": 0.8544761904761906,
        "sd": 0.0017036708399998375,
        "min": 0.8533333333333334,
        "max": 0.8571428571428572,
        "values": [
          0.8571428571428572,
          0.8533333333333334,
          0.8533333333333334,
          0.8552380952380952,
          0.8533333333333334
        ]
      },
      "c_recall": {
        "mean": 0.8582857142857142,
        "sd": 0.0025555062599997903,
        "min": 0.8571428571428571,
        "max": 0.8628571428571429,
        "values": [
          0.8628571428571429,
          0.8571428571428571,
          0.8571428571428571,
          0.8571428571428571,
          0.8571428571428571
        ]
      },
      "c_underestimate": {
        "mean": 49.6,
        "sd": 0.8944271909999159,
        "min": 48.0,
        "max": 50.0,
        "values": [
          48.0,
          50.0,
          50.0,
          50.0,
          50.0
        ]
      },
      "safe_loss": {
        "mean": 49.6,
        "sd": 0.8944271909999159,
        "min": 48.0,
        "max": 50.0,
        "values": [
          48.0,
          50.0,
          50.0,
          50.0,
          50.0
        ]
      },
      "a_overestimate": {
        "mean": 53.2,
        "sd": 1.0954451150103321,
        "min": 52.0,
        "max": 54.0,
        "values": [
          52.0,
          54.0,
          54.0,
          52.0,
          54.0
        ]
      }
    },
    {
      "review_threshold": 0.85,
      "review_rate": {
        "mean": 0.24662857142857142,
        "sd": 0.01316519840259127,
        "min": 0.22857142857142856,
        "max": 0.26057142857142856,
        "values": [
          0.2571428571428571,
          0.248,
          0.23885714285714285,
          0.22857142857142856,
          0.26057142857142856
        ]
      },
      "accuracy": {
        "mean": 0.8534857142857142,
        "sd": 0.0012519372742975498,
        "min": 0.8525714285714285,
        "max": 0.8548571428571429,
        "values": [
          0.8548571428571429,
          0.8525714285714285,
          0.8525714285714285,
          0.8548571428571429,
          0.8525714285714285
        ]
      },
      "macro_f1": {
        "mean": 0.8357605742449724,
        "sd": 0.001204453154812466,
        "min": 0.834880966028507,
        "max": 0.8370799865696705,
        "values": [
          0.8370799865696705,
          0.834880966028507,
          0.834880966028507,
          0.8370799865696705,
          0.834880966028507
        ]
      },
      "balanced_accuracy": {
        "mean": 0.8540952380952381,
        "sd": 0.001043281061914574,
        "min": 0.8533333333333334,
        "max": 0.8552380952380952,
        "values": [
          0.8552380952380952,
          0.8533333333333334,
          0.8533333333333334,
          0.8552380952380952,
          0.8533333333333334
        ]
      },
      "c_recall": {
        "mean": 0.8571428571428571,
        "sd": 0.0,
        "min": 0.8571428571428571,
        "max": 0.8571428571428571,
        "values": [
          0.8571428571428571,
          0.8571428571428571,
          0.8571428571428571,
          0.8571428571428571,
          0.8571428571428571
        ]
      },
      "c_underestimate": {
        "mean": 50.0,
        "sd": 0.0,
        "min": 50.0,
        "max": 50.0,
        "values": [
          50.0,
          50.0,
          50.0,
          50.0,
          50.0
        ]
      },
      "safe_loss": {
        "mean": 50.0,
        "sd": 0.0,
        "min": 50.0,
        "max": 50.0,
        "values": [
          50.0,
          50.0,
          50.0,
          50.0,
          50.0
        ]
      },
      "a_overestimate": {
        "mean": 53.2,
        "sd": 1.0954451150103321,
        "min": 52.0,
        "max": 54.0,
        "values": [
          52.0,
          54.0,
          54.0,
          52.0,
          54.0
        ]
      }
    },
    {
      "review_threshold": 0.9,
      "review_rate": {
        "mean": 0.27405714285714283,
        "sd": 0.015636691544216753,
        "min": 0.2582857142857143,
        "max": 0.29942857142857143,
        "values": [
          0.272,
          0.2582857142857143,
          0.2754285714285714,
          0.2651428571428571,
          0.29942857142857143
        ]
      },
      "accuracy": {
        "mean": 0.8532571428571428,
        "sd": 0.0015333037559998725,
        "min": 0.8514285714285714,
        "max": 0.8548571428571429,
        "values": [
          0.8548571428571429,
          0.8525714285714285,
          0.8525714285714285,
          0.8548571428571429,
          0.8514285714285714
        ]
      },
      "macro_f1": {
        "mean": 0.8355415316924653,
        "sd": 0.0014738672509878733,
        "min": 0.8337857532659707,
        "max": 0.8370799865696705,
        "values": [
          0.8370799865696705,
          0.834880966028507,
          0.834880966028507,
          0.8370799865696705,
          0.8337857532659707
        ]
      },
      "balanced_accuracy": {
        "mean": 0.8539047619047618,
        "sd": 0.0012777531299998784,
        "min": 0.8523809523809524,
        "max": 0.8552380952380952,
        "values": [
          0.8552380952380952,
          0.8533333333333334,
          0.8533333333333334,
          0.8552380952380952,
          0.8523809523809524
        ]
      },
      "c_recall": {
        "mean": 0.8565714285714285,
        "sd": 0.0012777531299998455,
        "min": 0.8542857142857143,
        "max": 0.8571428571428571,
        "values": [
          0.8571428571428571,
          0.8571428571428571,
          0.8571428571428571,
          0.8571428571428571,
          0.8542857142857143
        ]
      },
      "c_underestimate": {
        "mean": 50.2,
        "sd": 0.4472135954999579,
        "min": 50.0,
        "max": 51.0,
        "values": [
          50.0,
          50.0,
          50.0,
          50.0,
          51.0
        ]
      },
      "safe_loss": {
        "mean": 50.2,
        "sd": 0.4472135954999579,
        "min": 50.0,
        "max": 51.0,
        "values": [
          50.0,
          50.0,
          50.0,
          50.0,
          51.0
        ]
      },
      "a_overestimate": {
        "mean": 53.2,
        "sd": 1.0954451150103321,
        "min": 52.0,
        "max": 54.0,
        "values": [
          52.0,
          54.0,
          54.0,
          52.0,
          54.0
        ]
      }
    }
  ]
}
