{
  "seeds": [
    20260930,
    20260931,
    20260932,
    20260933,
    20260934
  ],
  "sample_count_per_seed": 875,
  "methods": {
    "rule": {
      "accuracy": {
        "mean": 0.8473142857142857,
        "sd": 0.001733228672926022,
        "min": 0.8457142857142858,
        "max": 0.8491428571428571,
        "values": [
          0.8491428571428571,
          0.8457142857142858,
          0.8457142857142858,
          0.8491428571428571,
          0.8468571428571429
        ]
      },
      "macro_f1": {
        "mean": 0.8298457434629798,
        "sd": 0.0016505336873611077,
        "min": 0.8283213087941871,
        "max": 0.8315866836116327,
        "values": [
          0.8315866836116327,
          0.8283213087941871,
          0.8283213087941871,
          0.8315866836116327,
          0.8294127325032593
        ]
      },
      "balanced_accuracy": {
        "mean": 0.848952380952381,
        "sd": 0.001444357227438403,
        "min": 0.8476190476190476,
        "max": 0.8504761904761905,
        "values": [
          0.8504761904761905,
          0.8476190476190476,
          0.8476190476190476,
          0.8504761904761905,
          0.8485714285714286
        ]
      },
      "c_recall": {
        "mean": 0.8417142857142856,
        "sd": 0.001564921592871922,
        "min": 0.84,
        "max": 0.8428571428571429,
        "values": [
          0.8428571428571429,
          0.84,
          0.84,
          0.8428571428571429,
          0.8428571428571429
        ]
      },
      "c_underestimate": {
        "mean": 55.4,
        "sd": 0.5477225575051661,
        "min": 55.0,
        "max": 56.0,
        "values": [
          55.0,
          56.0,
          56.0,
          55.0,
          55.0
        ]
      },
      "a_overestimate": {
        "mean": 53.2,
        "sd": 1.0954451150103321,
        "min": 52.0,
        "max": 54.0,
        "values": [
          52.0,
          54.0,
          54.0,
          52.0,
          54.0
        ]
      },
      "safe_loss": {
        "mean": 55.4,
        "sd": 0.5477225575051661,
        "min": 55.0,
        "max": 56.0,
        "values": [
          55.0,
          56.0,
          56.0,
          55.0,
          55.0
        ]
      },
      "escalation_rate": {
        "mean": 0.3366857142857143,
        "sd": 0.0006259686371487444,
        "min": 0.336,
        "max": 0.33714285714285713,
        "values": [
          0.33714285714285713,
          0.336,
          0.336,
          0.33714285714285713,
          0.33714285714285713
        ]
      }
    },
    "rf_majority": {
      "accuracy": {
        "mean": 0.8274285714285714,
        "sd": 0.007708992893275455,
        "min": 0.8194285714285714,
        "max": 0.8377142857142857,
        "values": [
          0.832,
          0.8274285714285714,
          0.8377142857142857,
          0.8205714285714286,
          0.8194285714285714
        ]
      },
      "macro_f1": {
        "mean": 0.7886712279416465,
        "sd": 0.013257404962248009,
        "min": 0.768454283137436,
        "max": 0.8039615751250451,
        "values": [
          0.7948619386251522,
          0.7913096210309393,
          0.8039615751250451,
          0.7847687217896596,
          0.768454283137436
        ]
      },
      "balanced_accuracy": {
        "mean": 0.7666666666666666,
        "sd": 0.011799534946060888,
        "min": 0.7495238095238094,
        "max": 0.780952380952381,
        "values": [
          0.7723809523809524,
          0.7685714285714286,
          0.780952380952381,
          0.7619047619047619,
          0.7495238095238094
        ]
      },
      "c_recall": {
        "mean": 0.8371428571428572,
        "sd": 0.012936264483053442,
        "min": 0.8171428571428572,
        "max": 0.8485714285714285,
        "values": [
          0.8428571428571429,
          0.8314285714285714,
          0.8457142857142858,
          0.8171428571428572,
          0.8485714285714285
        ]
      },
      "c_underestimate": {
        "mean": 57.0,
        "sd": 4.527692569068709,
        "min": 53.0,
        "max": 64.0,
        "values": [
          55.0,
          59.0,
          54.0,
          64.0,
          53.0
        ]
      },
      "a_overestimate": {
        "mean": 0.0,
        "sd": 0.0,
        "min": 0.0,
        "max": 0.0,
        "values": [
          0.0,
          0.0,
          0.0,
          0.0,
          0.0
        ]
      },
      "safe_loss": {
        "mean": 114.0,
        "sd": 9.055385138137417,
        "min": 106.0,
        "max": 128.0,
        "values": [
          110.0,
          118.0,
          108.0,
          128.0,
          106.0
        ]
      },
      "escalation_rate": {
        "mean": 0.33485714285714285,
        "sd": 0.005174505793221383,
        "min": 0.32685714285714285,
        "max": 0.3394285714285714,
        "values": [
          0.33714285714285713,
          0.3325714285714286,
          0.3382857142857143,
          0.32685714285714285,
          0.3394285714285714
        ]
      }
    },
    "rf_threshold": {
      "accuracy": {
        "mean": 0.8754285714285714,
        "sd": 0.010125740083811048,
        "min": 0.8628571428571429,
        "max": 0.8891428571428571,
        "values": [
          0.8891428571428571,
          0.8628571428571429,
          0.8685714285714285,
          0.8777142857142857,
          0.8788571428571429
        ]
      },
      "macro_f1": {
        "mean": 0.8621151188031408,
        "sd": 0.01496232112970585,
        "min": 0.8422451532207629,
        "max": 0.8820850041765107,
        "values": [
          0.8820850041765107,
          0.8422451532207629,
          0.8539004632922053,
          0.8653159450068745,
          0.8670290283193509
        ]
      },
      "balanced_accuracy": {
        "mean": 0.8405714285714287,
        "sd": 0.01643512636656034,
        "min": 0.8190476190476191,
        "max": 0.8628571428571429,
        "values": [
          0.8628571428571429,
          0.8190476190476191,
          0.8314285714285714,
          0.8438095238095239,
          0.8457142857142858
        ]
      },
      "c_recall": {
        "mean": 0.8554285714285713,
        "sd": 0.0038332593899996358,
        "min": 0.8485714285714285,
        "max": 0.8571428571428571,
        "values": [
          0.8571428571428571,
          0.8571428571428571,
          0.8485714285714285,
          0.8571428571428571,
          0.8571428571428571
        ]
      },
      "c_underestimate": {
        "mean": 50.6,
        "sd": 1.3416407864998738,
        "min": 50.0,
        "max": 53.0,
        "values": [
          50.0,
          50.0,
          53.0,
          50.0,
          50.0
        ]
      },
      "a_overestimate": {
        "mean": 0.0,
        "sd": 0.0,
        "min": 0.0,
        "max": 0.0,
        "values": [
          0.0,
          0.0,
          0.0,
          0.0,
          0.0
        ]
      },
      "safe_loss": {
        "mean": 101.2,
        "sd": 2.6832815729997477,
        "min": 100.0,
        "max": 106.0,
        "values": [
          100.0,
          100.0,
          106.0,
          100.0,
          100.0
        ]
      },
      "escalation_rate": {
        "mean": 0.34217142857142857,
        "sd": 0.0015333037559998642,
        "min": 0.3394285714285714,
        "max": 0.34285714285714286,
        "values": [
          0.34285714285714286,
          0.34285714285714286,
          0.3394285714285714,
          0.34285714285714286,
          0.34285714285714286
        ]
      }
    },
    "hybrid_physical_veto": {
      "accuracy": {
        "mean": 0.9213714285714285,
        "sd": 0.004152206199905096,
        "min": 0.9154285714285715,
        "max": 0.9268571428571428,
        "values": [
          0.9268571428571428,
          0.9154285714285715,
          0.92,
          0.9222857142857143,
          0.9222857142857143
        ]
      },
      "macro_f1": {
        "mean": 0.9063670162914599,
        "sd": 0.005119861545514325,
        "min": 0.8987268518518517,
        "max": 0.912975912975913,
        "values": [
          0.912975912975913,
          0.8987268518518517,
          0.9054538896469689,
          0.9071415194456582,
          0.9075369075369076
        ]
      },
      "balanced_accuracy": {
        "mean": 0.9201904761904762,
        "sd": 0.006186812102442598,
        "min": 0.9104761904761904,
        "max": 0.9276190476190477,
        "values": [
          0.9276190476190477,
          0.9104761904761904,
          0.920952380952381,
          0.9199999999999999,
          0.921904761904762
        ]
      },
      "c_recall": {
        "mean": 0.9982857142857142,
        "sd": 0.0038332593899996358,
        "min": 0.9914285714285714,
        "max": 1.0,
        "values": [
          1.0,
          1.0,
          0.9914285714285714,
          1.0,
          1.0
        ]
      },
      "c_underestimate": {
        "mean": 0.6,
        "sd": 1.3416407864998738,
        "min": 0.0,
        "max": 3.0,
        "values": [
          0.0,
          0.0,
          3.0,
          0.0,
          0.0
        ]
      },
      "a_overestimate": {
        "mean": 53.2,
        "sd": 1.0954451150103321,
        "min": 52.0,
        "max": 54.0,
        "values": [
          52.0,
          54.0,
          54.0,
          52.0,
          54.0
        ]
      },
      "safe_loss": {
        "mean": 0.6,
        "sd": 1.3416407864998738,
        "min": 0.0,
        "max": 3.0,
        "values": [
          0.0,
          0.0,
          3.0,
          0.0,
          0.0
        ]
      },
      "escalation_rate": {
        "mean": 0.3993142857142857,
        "sd": 0.0015333037559998642,
        "min": 0.3965714285714286,
        "max": 0.4,
        "values": [
          0.4,
          0.4,
          0.3965714285714286,
          0.4,
          0.4
        ]
      }
    },
    "review_fallback": {
      "accuracy": {
        "mean": 0.9081142857142857,
        "sd": 0.006025794892097862,
        "min": 0.9005714285714286,
        "max": 0.9142857142857143,
        "values": [
          0.912,
          0.9028571428571428,
          0.9142857142857143,
          0.9108571428571428,
          0.9005714285714286
        ]
      },
      "macro_f1": {
        "mean": 0.8923800922776385,
        "sd": 0.007059584030515059,
        "min": 0.8839240959541712,
        "max": 0.8996000619317378,
        "values": [
          0.897680150842568,
          0.8859112828542014,
          0.8996000619317378,
          0.8947848698055139,
          0.8839240959541712
        ]
      },
      "balanced_accuracy": {
        "mean": 0.9078095238095238,
        "sd": 0.008120409046587515,
        "min": 0.899047619047619,
        "max": 0.9161904761904761,
        "values": [
          0.9152380952380952,
          0.8999999999999999,
          0.9161904761904761,
          0.9085714285714287,
          0.899047619047619
        ]
      },
      "c_recall": {
        "mean": 0.9691428571428571,
        "sd": 0.007928249671720903,
        "min": 0.96,
        "max": 0.9771428571428571,
        "values": [
          0.9628571428571429,
          0.9685714285714285,
          0.9771428571428571,
          0.9771428571428571,
          0.96
        ]
      },
      "c_underestimate": {
        "mean": 10.8,
        "sd": 2.7748873851023217,
        "min": 8.0,
        "max": 14.0,
        "values": [
          13.0,
          11.0,
          8.0,
          8.0,
          14.0
        ]
      },
      "a_overestimate": {
        "mean": 53.2,
        "sd": 1.0954451150103321,
        "min": 52.0,
        "max": 54.0,
        "values": [
          52.0,
          54.0,
          54.0,
          52.0,
          54.0
        ]
      },
      "safe_loss": {
        "mean": 10.8,
        "sd": 2.7748873851023217,
        "min": 8.0,
        "max": 14.0,
        "values": [
          13.0,
          11.0,
          8.0,
          8.0,
          14.0
        ]
      },
      "escalation_rate": {
        "mean": 0.3876571428571428,
        "sd": 0.003171299868688364,
        "min": 0.384,
        "max": 0.39085714285714285,
        "values": [
          0.3851428571428571,
          0.38742857142857146,
          0.39085714285714285,
          0.39085714285714285,
          0.384
        ]
      }
    }
  },
  "review_rate": {
    "mean": 0.06582857142857143,
    "sd": 0.00849873940232147,
    "values": [
      0.06628571428571428,
      0.05942857142857143,
      0.05714285714285714,
      0.06742857142857143,
      0.07885714285714286
    ]
  }
}
